>>> from collections import Counter
>>> from logic1.firstorder import *
>>> from logic1.theories.RCF import *
>>> a, b, x, y, z = ring.set_vars('a', 'b', 'x', 'y', 'z')

__and__:
>>> Eq(0, 0) & Eq(1 + 1, 2) & Eq(1 + 1 + 1, 3)
And(Eq(0, 0), Eq(2, 2), Eq(3, 3))

__invert__:
>>> ~ Eq(1,0)
Not(Eq(1, 0))

__le__:
...

__lshift__:
>>> Eq(x + z, y + z) << Eq(x, y)
Implies(x == y, x + z == y + z)

__or__:
>>> Eq(x, 0) | Eq(x, y) | Eq(x, z)
Or(x == 0, x == y, x == z)

__rshift__:
>>> Eq(x, y) >> Eq(x + z, y + z)
Implies(x == y, x + z == y + z)

__eq__, __ne__, __hash__:
>>> e1 = Ne(1, 0)
>>> e2 = Ne(1, 0)
>>> f = Ex(x, Eq(a * x + b, 0))
>>> e1 == e2
True
>>> e1 != e2
False
>>> e1 is e2
False
>>> hash(e1) == hash(e2)
True
>>> e1 == f
False
>>> e1 != f
True
>>> hash(e1) == hash(f)
False

__init__:
...

__repr__, __str__, _repr_latex_:
>>> f = Ex(x, Eq(a * x + b, 0))
>>> repr(f)
'Ex(x, a*x + b == 0)'
>>> str(f)
'Ex(x, a*x + b == 0)'
>>> f._repr_latex_()
'$\\displaystyle \\exists x \\, (a x + b = 0)$'

__all__, __ex__:
>>> g = Eq(a * x + b, 0)
>>> g.all()
All(x, All(b, All(a, a*x + b == 0)))
>>> g.all(ignore=(x,))
All(b, All(a, a*x + b == 0))
>>> g.ex()
Ex(x, Ex(b, Ex(a, a*x + b == 0)))
>>> g.ex(ignore=(x,))
Ex(b, Ex(a, a*x + b == 0))

all:
>>> (a*x + b != 0).all(ignore={x})
All(b, All(a, a*x + b != 0))

atoms:
>>> f = Eq(3 * x, 0) >> All(z, Eq(3 * x, 0) & All(x, Eq(x, 0) >> Ex(y, Eq(x * y, 1))))
>>> type(f.atoms())
<class 'generator'>
>>> list(f.atoms())
[3*x == 0, 3*x == 0, x == 0, x*y == 1]
>>> set(f.atoms()) == {Eq(x, 0), Eq(3*x, 0), Eq(x*y, 1)}
True
>>> sum(1 for _ in f.atoms())
4
>>> Counter(f.atoms())
Counter({3*x == 0: 2, x == 0: 1, x*y == 1: 1})
>>> empty = (T & F).atoms()
>>> next(empty)
Traceback (most recent call last):
...
StopIteration

count_alternations:
>>> Ex(x, Eq(x, y) & All(x, Ex(y, Ex(z, T)))).count_alternations()
2

depth:
>>> f = Eq(3 * x, 0) >> All(z, Eq(3 * x, 0) & All(x, Eq(x, 0) >> Ex(y, Eq(x * y, 1))))
>>> f.depth()
6

ex:
>>> (a*x + b > 0).ex(ignore={x})
Ex(b, Ex(a, a*x + b > 0))

fvars:
>>> list(All(y, Ex(x, a + x == y) & Ex(z, x + y == a)).fvars())
[a, x, a]

get_qvars:
>>> All(y, Ex(x, Eq(a, y)) & Ex(z, Eq(a, y))).get_qvars() == {x, y, z}
True

get_vars:
>>> f = Eq(3 * x, 0) >> All(z, All(x, ~ Eq(x, 0) >> Ex(y, Eq(x * y, 1))))
>>> f.get_vars().free == {x}
True
>>> f.get_vars().bound == {x, y}
True
>>> z not in f.get_vars().all
True

matrix:
...

simplify:
...

_sprint:
...

to_latex:
...

to_nnf:
>>> f = Equivalent(Eq(a, 0) & T, Ex(y, ~ Eq(y, a)))
>>> f.to_nnf()
And(Or(a != 0, F, Ex(y, y != a)), Or(All(y, y == a), And(a == 0, T)))
>>> f.to_nnf(to_positive=False)
And(Or(Not(a == 0), Not(T), Ex(y, Not(y == a))), Or(All(y, y == a), And(a == 0, T)))

transform_atoms:
>>> f = Eq(x, y) & Lt(y, z)
>>> f.transform_atoms(lambda atom: atom.func(atom.lhs - atom.rhs, 0))
And(x - y == 0, y - z < 0)
